// Jest Snapshot v1, https://goo.gl/fbAQLP

exports[`<SignupForm/> renders and matches snapshot 1`] = `
Array [
  <Form
    data-test="form"
    method="post"
    onSubmit={[Function]}
  >
    <form
      className="Form-sc-1xszr8q-0 krRxky"
      data-test="form"
      method="post"
      onSubmit={[Function]}
    >
      <fieldset
        aria-busy={false}
        disabled={false}
      >
        <label>
          Email
          <input
            id="email"
            name="email"
            onChange={[Function]}
            placeholder="Email"
            type="text"
            value=""
          />
        </label>
        <label>
          Name
          <input
            id="name"
            name="name"
            onChange={[Function]}
            placeholder="Name"
            type="text"
            value=""
          />
        </label>
        <label>
          Password
          <input
            id="password"
            name="password"
            onChange={[Function]}
            placeholder="Password"
            type="password"
            value=""
          />
        </label>
      </fieldset>
      <button>
        Sign Up!
      </button>
    </form>
  </Form>,
  <form
    className="Form-sc-1xszr8q-0 krRxky"
    data-test="form"
    method="post"
    onSubmit={[Function]}
  >
    <fieldset
      aria-busy={false}
      disabled={false}
    >
      <label>
        Email
        <input
          id="email"
          name="email"
          onChange={[Function]}
          placeholder="Email"
          type="text"
          value=""
        />
      </label>
      <label>
        Name
        <input
          id="name"
          name="name"
          onChange={[Function]}
          placeholder="Name"
          type="text"
          value=""
        />
      </label>
      <label>
        Password
        <input
          id="password"
          name="password"
          onChange={[Function]}
          placeholder="Password"
          type="password"
          value=""
        />
      </label>
    </fieldset>
    <button>
      Sign Up!
    </button>
  </form>,
]
`;
